// Jest Snapshot v1, https://goo.gl/fbAQLP

exports[`Slider renders correctly 1`] = `
<div
  className="ms-Slider ms-Slider-enabled ms-Slider-row ms-Slider-showValue"
>
  <label
    className=
        ms-Label
        ms-Slider-enabled
        ms-Slider-row
        ms-Slider-showValue
        {
          -moz-osx-font-smoothing: grayscale;
          -webkit-font-smoothing: antialiased;
          box-shadow: none;
          box-sizing: border-box;
          color: #323130;
          display: block;
          font-family: 'Segoe UI', 'Segoe UI Web (West European)', 'Segoe UI', -apple-system, BlinkMacSystemFont, 'Roboto', 'Helvetica Neue', sans-serif;
          font-size: 14px;
          font-weight: 600;
          margin-bottom: 0px;
          margin-left: 0px;
          margin-right: 0px;
          margin-top: 0px;
          overflow-wrap: break-word;
          padding-bottom: 5px;
          padding-left: 0;
          padding-right: 0;
          padding-top: 5px;
          word-wrap: break-word;
        }
    htmlFor="Slider0"
  >
    I am a slider
  </label>
  <div
    className="ms-Slider-container ms-Slider-enabled ms-Slider-row ms-Slider-showValue"
  >
    <div
      aria-disabled={false}
      aria-label="I am a slider"
      aria-valuemax={10}
      aria-valuemin={0}
      aria-valuenow={0}
      aria-valuetext="0"
      className="ms-Slider-slideBox ms-Slider-enabled ms-Slider-row ms-Slider-showValue"
      data-is-focusable={true}
      id="Slider0"
      onKeyDown={[Function]}
      onMouseDown={[Function]}
      onTouchStart={[Function]}
      role="slider"
      tabIndex={0}
    >
      <div
        className="ms-Slider-line ms-Slider-enabled ms-Slider-row ms-Slider-showValue"
      >
        <span
          className="ms-Slider-thumb ms-Slider-enabled ms-Slider-row ms-Slider-showValue"
          style={
            Object {
              "left": "0%",
            }
          }
        />
        <span
          className="ms-Slider-enabled ms-Slider-row ms-Slider-showValue ms-Slider-active ms-Slider-enabled ms-Slider-row ms-Slider-showValue"
          style={
            Object {
              "width": "0%",
            }
          }
        />
        <span
          className="ms-Slider-enabled ms-Slider-row ms-Slider-showValue ms-Slider-inactive ms-Slider-enabled ms-Slider-row ms-Slider-showValue"
          style={
            Object {
              "width": "100%",
            }
          }
        />
      </div>
    </div>
    <label
      className=
          ms-Label
          ms-Slider-value
          ms-Slider-enabled
          ms-Slider-row
          ms-Slider-showValue
          {
            -moz-osx-font-smoothing: grayscale;
            -webkit-font-smoothing: antialiased;
            box-shadow: none;
            box-sizing: border-box;
            color: #323130;
            display: block;
            font-family: 'Segoe UI', 'Segoe UI Web (West European)', 'Segoe UI', -apple-system, BlinkMacSystemFont, 'Roboto', 'Helvetica Neue', sans-serif;
            font-size: 14px;
            font-weight: 600;
            margin-bottom: 0px;
            margin-left: 0px;
            margin-right: 0px;
            margin-top: 0px;
            overflow-wrap: break-word;
            padding-bottom: 5px;
            padding-left: 0;
            padding-right: 0;
            padding-top: 5px;
            word-wrap: break-word;
          }
    >
      0
    </label>
  </div>
</div>
`;
